Microchip MPLAB XC8 Compiler V2.05 ()

Linker command line:

-W-3 --edf=C:\Program Files (x86)\Microchip\xc8\v2.05\pic\dat\en_msgs.txt \
  -cs -h+dist/default/production\ThermoMK4v1.1.X.production.sym \
  --cmf=dist/default/production\ThermoMK4v1.1.X.production.cmf -z \
  -Q18F46K20 -oC:\Users\Torben\AppData\Local\Temp\ssvk.2 \
  --defsym=__MPLAB_BUILD=1 \
  -Mdist/default/production/ThermoMK4v1.1.X.production.map -E1 -ver=XC8 \
  --acfsm=1493 -ASTACK=049Bh-0F5Fh -pstack=STACK -ACODE=00h-0FFFFh \
  -ACONST=00h-0FFFFh -ASMALLCONST=01000h-010FFhx240 \
  -AMEDIUMCONST=01000h-0FFFFh -ACOMRAM=01h-05Fh -AABS1=00h-0F5Fh \
  -ABIGRAM=01h-0F5Fh -ARAM=060h-0FFh,0100h-01FFhx14,0F00h-0F5Fh \
  -ABANK0=060h-0FFh -ABANK1=0100h-01FFh -ABANK2=0200h-02FFh \
  -ABANK3=0300h-03FFh -ABANK4=0400h-04FFh -ABANK5=0500h-05FFh \
  -ABANK6=0600h-06FFh -ABANK7=0700h-07FFh -ABANK8=0800h-08FFh \
  -ABANK9=0900h-09FFh -ABANK10=0A00h-0AFFh -ABANK11=0B00h-0BFFh \
  -ABANK12=0C00h-0CFFh -ABANK13=0D00h-0DFFh -ABANK14=0E00h-0EFFh \
  -ABANK15=0F00h-0F5Fh -ASFR=0F60h-0FFFh \
  -preset_vec=00h,intcode=08h,intcodelo,powerup,init -pramtop=01000h \
  -psmallconst=SMALLCONST -pmediumconst=MEDIUMCONST -pconst=CONST \
  -AFARRAM=00h-00h -ACONFIG=0300000h-030000Dh -pconfig=CONFIG \
  -AIDLOC=0200000h-0200007h -pidloc=IDLOC -AEEDATA=0F00000h-0F003FFh \
  -peeprom_data=EEDATA \
  -prdata=COMRAM,nvrram=COMRAM,nvbit=COMRAM,rbss=COMRAM,rbit=COMRAM \
  -pfarbss=FARRAM,fardata=FARRAM,nvFARRAM=FARRAM \
  -pintsave_regs=BIGRAM,bigbss=BIGRAM,bigdata=BIGRAM -pbss=RAM \
  -pidata=CODE,irdata=CODE,ibigdata=CODE,ifardata=CODE -prparam=COMRAM \
  C:\Users\Torben\AppData\Local\Temp\ssvk.o \
  dist/default/production\ThermoMK4v1.1.X.production.o 

Object code version is 3.11

Machine type is 18F46K20

Call graph: (short form)




                Name                               Link     Load   Length Selector   Space Scale
C:\Users\Torben\AppData\Local\Temp\ssvk.o
                init                                 64       64        4        4       0
                reset_vec                             0        0        4        0       0
                idloc                            200000   200000        8   200000       0
                config                           300000   300000        E   300000       0
dist/default/production\ThermoMK4v1.1.X.production.o
                intcode                               8        8       5C        4       0
                temp                                 5A       5A        1        1       1
                mediumconst                        E81C     E81C     17E4     740E       0
                text47                              EAC      EAC       20        4       0
                text46                             1020     1020        6        4       0
                text45                             1032     1032        2        4       0
                text44                             101A     101A        6        4       0
                text43                              9D4      9D4       92        4       0
                text42                              E36      E36       2A        4       0
                text40                              F08      F08       1C        4       0
                text39                              F98      F98        E        4       0
                text38                             102E     102E        4        4       0
                text37                              DD0      DD0       36        4       0
                text36                              C34      C34       6A        4       0
                text35                              FFA      FFA        A        4       0
                text34                              FF0      FF0        A        4       0
                text33                              FE6      FE6        A        4       0
                text32                              FDC      FDC        A        4       0
                text31                              FD2      FD2        A        4       0
                text30                              B54      B54       74        4       0
                text29                             102A     102A        4        4       0
                text28                              FC8      FC8        A        4       0
                text27                              E06      E06       30        4       0
                text26                              F24      F24       18        4       0
                text25                              F3C      F3C       16        4       0
                text24                              EEA      EEA       1E        4       0
                text23                             1026     1026        4        4       0
                text22                              D06      D06       52        4       0
                text21                              D58      D58       42        4       0
                text20                              E86      E86       26        4       0
                text19                              942      942       92        4       0
                text18                              7DA      7DA       D0        4       0
                text17                              64E      64E      18C        4       0
                text16                              F78      F78       12        4       0
                text15                             1004     1004        8        4       0
                text14                              F52      F52       14        4       0
                text13                              FB2      FB2        C        4       0
                text12                              FA6      FA6        C        4       0
                text11                              ECC      ECC       1E        4       0
                text10                              A66      A66       78        4       0
                text9                               F8A      F8A        E        4       0
                text8                               F66      F66       12        4       0
                text7                               8AA      8AA       98        4       0
                text6                               D9A      D9A       36        4       0
                text5                               FBE      FBE        A        4       0
                text4                               BC8      BC8       6C        4       0
                text3                               4A2      4A2      1AC        4       0
                text2                               C9E      C9E       68        4       0
                text1                               E60      E60       26        4       0
                text0                                68       68      43A        4       0
                cstackCOMRAM                          1        1       2A        1       1
                bssBIGRAM                            9B       9B      400       9B       1
                dataBANK0                            90       90        7       60       1
                bssBANK0                             60       60       30       60       1
                dataCOMRAM                           53       53        7        1       1
                bssCOMRAM                            2B       2B       1F        1       1
                cinit                               ADE      ADE       76        4       0
                nvBANK0                              97       97        4       60       1
                nvCOMRAM                             4A       4A        9        1       1
                idataBANK0                         1013     1013        7        4       0
                idataCOMRAM                        100C     100C        7        4       0

TOTAL           Name                               Link     Load   Length     Space
        CLASS   STACK          

        CLASS   CODE           
                intcode                               8        8       5C         0
                init                                 64       64        4         0
                reset_vec                             0        0        4         0
                text47                              EAC      EAC       20         0
                text46                             1020     1020        6         0
                text45                             1032     1032        2         0
                text44                             101A     101A        6         0
                text43                              9D4      9D4       92         0
                text42                              E36      E36       2A         0
                text40                              F08      F08       1C         0
                text39                              F98      F98        E         0
                text38                             102E     102E        4         0
                text37                              DD0      DD0       36         0
                text36                              C34      C34       6A         0
                text35                              FFA      FFA        A         0
                text34                              FF0      FF0        A         0
                text33                              FE6      FE6        A         0
                text32                              FDC      FDC        A         0
                text31                              FD2      FD2        A         0
                text30                              B54      B54       74         0
                text29                             102A     102A        4         0
                text28                              FC8      FC8        A         0
                text27                              E06      E06       30         0
                text26                              F24      F24       18         0
                text25                              F3C      F3C       16         0
                text24                              EEA      EEA       1E         0
                text23                             1026     1026        4         0
                text22                              D06      D06       52         0
                text21                              D58      D58       42         0
                text20                              E86      E86       26         0
                text19                              942      942       92         0
                text18                              7DA      7DA       D0         0
                text17                              64E      64E      18C         0
                text16                              F78      F78       12         0
                text15                             1004     1004        8         0
                text14                              F52      F52       14         0
                text13                              FB2      FB2        C         0
                text12                              FA6      FA6        C         0
                text11                              ECC      ECC       1E         0
                text10                              A66      A66       78         0
                text9                               F8A      F8A        E         0
                text8                               F66      F66       12         0
                text7                               8AA      8AA       98         0
                text6                               D9A      D9A       36         0
                text5                               FBE      FBE        A         0
                text4                               BC8      BC8       6C         0
                text3                               4A2      4A2      1AC         0
                text2                               C9E      C9E       68         0
                text1                               E60      E60       26         0
                text0                                68       68      43A         0
                cinit                               ADE      ADE       76         0
                idataBANK0                         1013     1013        7         0
                idataCOMRAM                        100C     100C        7         0

        CLASS   CONST          

        CLASS   SMALLCONST     

        CLASS   MEDIUMCONST    
                mediumconst                        E81C     E81C     17E4         0

        CLASS   COMRAM         
                temp                                 5A       5A        1         1
                cstackCOMRAM                          1        1       2A         1
                dataCOMRAM                           53       53        7         1
                bssCOMRAM                            2B       2B       1F         1
                nvCOMRAM                             4A       4A        9         1

        CLASS   ABS1           

        CLASS   BIGRAM         
                bssBIGRAM                            9B       9B      400         1

        CLASS   RAM            

        CLASS   BANK0          
                dataBANK0                            90       90        7         1
                bssBANK0                             60       60       30         1
                nvBANK0                              97       97        4         1

        CLASS   BANK1          

        CLASS   BANK2          

        CLASS   BANK3          

        CLASS   BANK4          

        CLASS   BANK5          

        CLASS   BANK6          

        CLASS   BANK7          

        CLASS   BANK8          

        CLASS   BANK9          

        CLASS   BANK10         

        CLASS   BANK11         

        CLASS   BANK12         

        CLASS   BANK13         

        CLASS   BANK14         

        CLASS   BANK15         

        CLASS   SFR            

        CLASS   FARRAM         

        CLASS   CONFIG         
                config                           300000   300000        E         0

        CLASS   IDLOC          
                idloc                            200000   200000        8         0

        CLASS   EEDATA         



SEGMENTS        Name                           Load    Length   Top    Selector   Space  Class

                reset_vec                      000000  000004  000004         0       0  CODE    
                cstackCOMRAM                   000001  00005A  00005B         1       1  COMRAM  
                intcode                        000008  00102C  001034         4       0  CODE    
                bssBANK0                       000060  00003B  00009B        60       1  BANK0   
                bssBIGRAM                      00009B  000400  00049B        9B       1  BIGRAM  
                mediumconst                    00E81C  0017E4  010000      740E       0  MEDIUMCO
                idloc                          200000  000008  200008    200000       0  IDLOC   
                config                         300000  00000E  30000E    300000       0  CONFIG  


UNUSED ADDRESS RANGES

        Name                Unused          Largest block    Delta
        BANK10           000A00-000AFF              100
        BANK11           000B00-000BFF              100
        BANK12           000C00-000CFF              100
        BANK13           000D00-000DFF              100
        BANK14           000E00-000EFF              100
        BANK15           000F00-000F5F               60
        BANK4            00049B-0004FF               65
        BANK5            000500-0005FF              100
        BANK6            000600-0006FF              100
        BANK7            000700-0007FF              100
        BANK8            000800-0008FF              100
        BANK9            000900-0009FF              100
        BIGRAM           00005B-00005F                5
                         00049B-000F5F              AC5
        CODE             000004-000007                4
                         001034-00E81B             D7E8
        COMRAM           00005B-00005F                5
        CONST            000004-000007                4
                         001034-00E81B             D7E8
        EEDATA           F00000-F003FF              400
        MEDIUMCONST      001034-00E81B             D7E8
        RAM              00049B-000F5F              100
        SFR              000F60-000FFF               A0
        SMALLCONST       001034-00E81B              100
        STACK            00049B-000F5F              AC5

                                  Symbol Table

?___lwdiv                                      cstackCOMRAM 000005
?___lwmod                                      cstackCOMRAM 00000C
?_printf                                       cstackCOMRAM 000023
?_vfpfcnvrt                                    cstackCOMRAM 000010
?_vfprintf                                     cstackCOMRAM 00001B
EUSART_SetErrorHandler@interruptHandler        cstackCOMRAM 000005
EUSART_SetFramingErrorHandler@interruptHandler cstackCOMRAM 000005
EUSART_SetOverrunErrorHandler@interruptHandler cstackCOMRAM 000005
EUSART_SetRxInterruptHandler@interruptHandler  cstackCOMRAM 000005
EUSART_SetTxInterruptHandler@interruptHandler  cstackCOMRAM 000005
EUSART_Write@txData                            cstackCOMRAM 000005
Read_Data@dht_data                             cstackCOMRAM 000007
Read_Data@i                                    cstackCOMRAM 00000B
TMR1_WriteTimer@timerVal                       cstackCOMRAM 000005
_ANSEL                                         (abs)        000F7E
_ANSELH                                        (abs)        000F7F
_BAUDCON                                       (abs)        000FB8
_CheckSum                                      bssCOMRAM    000045
_Check_Response                                text37       000DD0
_EUSART_DefaultErrorHandler                    text46       001020
_EUSART_DefaultFramingErrorHandler             text45       001032
_EUSART_DefaultOverrunErrorHandler             text44       00101A
_EUSART_ErrorHandler                           nvBANK0      000097
_EUSART_FramingErrorHandler                    nvCOMRAM     00004C
_EUSART_Initialize                             text30       000B54
_EUSART_OverrunErrorHandler                    nvBANK0      000099
_EUSART_Receive_ISR                            text43       0009D4
_EUSART_RxDataHandler                          text47       000EAC
_EUSART_RxDefaultInterruptHandler              nvCOMRAM     00004E
_EUSART_SetErrorHandler                        text35       000FFA
_EUSART_SetFramingErrorHandler                 text34       000FF0
_EUSART_SetOverrunErrorHandler                 text33       000FE6
_EUSART_SetRxInterruptHandler                  text32       000FDC
_EUSART_SetTxInterruptHandler                  text31       000FD2
_EUSART_Transmit_ISR                           text42       000E36
_EUSART_TxDefaultInterruptHandler              nvCOMRAM     000050
_EUSART_Write                                  text6        000D9A
_Humidity                                      dataBANK0    000090
_INTCON2bits                                   (abs)        000FF1
_INTCONbits                                    (abs)        000FF2
_INTERRUPT_Initialize                          text29       00102A
_INTERRUPT_InterruptManager                    intcode      000008
_LATA                                          (abs)        000F89
_LATB                                          (abs)        000F8A
_LATC                                          (abs)        000F8B
_LATD                                          (abs)        000F8C
_LATDbits                                      (abs)        000F8C
_LATE                                          (abs)        000F8D
_OSCCON                                        (abs)        000FD3
_OSCILLATOR_Initialize                         text28       000FC8
_OSCTUNE                                       (abs)        000F9B
_PIE1bits                                      (abs)        000F9D
_PIN_MANAGER_Initialize                        text27       000E06
_PIR1bits                                      (abs)        000F9E
_PORTDbits                                     (abs)        000F83
_RCONbits                                      (abs)        000FD0
_RCREG                                         (abs)        000FAE
_RCSTA                                         (abs)        000FAB
_RCSTAbits                                     (abs)        000FAB
_RH                                            bssCOMRAM    00003D
_RH_Byte1                                      bssCOMRAM    000049
_RH_Byte2                                      bssCOMRAM    000048
_Read_Data                                     text36       000C34
_SPBRG                                         (abs)        000FAF
_SPBRGH                                        (abs)        000FB0
_SSPADD                                        (abs)        000FC8
_SSPBUF                                        (abs)        000FC9
_SSPCON1bits                                   (abs)        000FC6
_SSPCON2                                       (abs)        000FC5
_SSPCON2bits                                   (abs)        000FC5
_SSPSTATbits                                   (abs)        000FC7
_SYSTEM_Initialize                             text25       000F3C
_Start_Signal                                  text24       000EEA
_T1CON                                         (abs)        000FCD
_T1CONbits                                     (abs)        000FCD
_TMR1                                          (abs)        000FCE
_TMR1H                                         (abs)        000FCF
_TMR1L                                         (abs)        000FCE
_TMR1_Initialize                               text26       000F24
_TMR1_Reload                                   text39       000F98
_TMR1_StartTimer                               text38       00102E
_TMR1_StopTimer                                text23       001026
_TMR1_WriteTimer                               text40       000F08
_TRISA                                         (abs)        000F92
_TRISB                                         (abs)        000F93
_TRISC                                         (abs)        000F94
_TRISD                                         (abs)        000F95
_TRISDbits                                     (abs)        000F95
_TRISE                                         (abs)        000F96
_TXREG                                         (abs)        000FAD
_TXSTA                                         (abs)        000FAC
_TXSTAbits                                     (abs)        000FAC
_T_Byte1                                       bssCOMRAM    000047
_T_Byte2                                       bssCOMRAM    000046
_Temp                                          bssCOMRAM    00003B
_Temperature                                   dataCOMRAM   000053
_WPUB                                          (abs)        000F7C
__CFG_BOREN$SBORDIS                            (abs)        000000
__CFG_BORV$18                                  (abs)        000000
__CFG_CCP2MX$PORTC                             (abs)        000000
__CFG_CP0$OFF                                  (abs)        000000
__CFG_CP1$OFF                                  (abs)        000000
__CFG_CP2$OFF                                  (abs)        000000
__CFG_CP3$OFF                                  (abs)        000000
__CFG_CPB$OFF                                  (abs)        000000
__CFG_CPD$OFF                                  (abs)        000000
__CFG_DEBUG$OFF                                (abs)        000000
__CFG_EBTR0$OFF                                (abs)        000000
__CFG_EBTR1$OFF                                (abs)        000000
__CFG_EBTR2$OFF                                (abs)        000000
__CFG_EBTR3$OFF                                (abs)        000000
__CFG_EBTRB$OFF                                (abs)        000000
__CFG_FCMEN$OFF                                (abs)        000000
__CFG_FOSC$INTIO67                             (abs)        000000
__CFG_HFOFST$ON                                (abs)        000000
__CFG_IESO$OFF                                 (abs)        000000
__CFG_LPT1OSC$OFF                              (abs)        000000
__CFG_LVP$OFF                                  (abs)        000000
__CFG_MCLRE$OFF                                (abs)        000000
__CFG_PBADEN$ON                                (abs)        000000
__CFG_PWRT$OFF                                 (abs)        000000
__CFG_STVREN$ON                                (abs)        000000
__CFG_WDTEN$OFF                                (abs)        000000
__CFG_WDTPS$32768                              (abs)        000000
__CFG_WRT0$OFF                                 (abs)        000000
__CFG_WRT1$OFF                                 (abs)        000000
__CFG_WRT2$OFF                                 (abs)        000000
__CFG_WRT3$OFF                                 (abs)        000000
__CFG_WRTB$OFF                                 (abs)        000000
__CFG_WRTC$OFF                                 (abs)        000000
__CFG_WRTD$OFF                                 (abs)        000000
__CFG_XINST$OFF                                (abs)        000000
__HRAM                                         (abs)        000000
__Habs1                                        abs1         000000
__Hbank0                                       bank0        000000
__Hbank1                                       bank1        000000
__Hbank10                                      bank10       000000
__Hbank11                                      bank11       000000
__Hbank12                                      bank12       000000
__Hbank13                                      bank13       000000
__Hbank14                                      bank14       000000
__Hbank15                                      bank15       000000
__Hbank2                                       bank2        000000
__Hbank3                                       bank3        000000
__Hbank4                                       bank4        000000
__Hbank5                                       bank5        000000
__Hbank6                                       bank6        000000
__Hbank7                                       bank7        000000
__Hbank8                                       bank8        000000
__Hbank9                                       bank9        000000
__Hbigbss                                      bigbss       000000
__Hbigdata                                     bigdata      000000
__Hbigram                                      bigram       000000
__Hbss                                         bss          000000
__HbssBANK0                                    bssBANK0     000000
__HbssBIGRAM                                   bssBIGRAM    000000
__HbssCOMRAM                                   bssCOMRAM    000000
__Hcinit                                       cinit        000000
__Hclrtext                                     clrtext      000000
__Hcomram                                      comram       000000
__Hconfig                                      config       30000E
__Hconst                                       const        000000
__HcstackCOMRAM                                cstackCOMRAM 000000
__Hdata                                        data         000000
__HdataBANK0                                   dataBANK0    000000
__HdataCOMRAM                                  dataCOMRAM   000000
__Heeprom_data                                 eeprom_data  000000
__Hfarbss                                      farbss       000000
__Hfardata                                     fardata      000000
__Hibigdata                                    ibigdata     000000
__Hidata                                       idata        000000
__HidataBANK0                                  idataBANK0   000000
__HidataCOMRAM                                 idataCOMRAM  000000
__Hidloc                                       idloc        200008
__Hifardata                                    ifardata     000000
__Hinit                                        init         000068
__Hintcode                                     intcode      000064
__Hintcode_body                                intcode_body 000000
__Hintcodelo                                   intcodelo    000064
__Hintentry                                    intentry     000000
__Hintret                                      intret       000000
__Hintsave_regs                                intsave_regs 000000
__Hirdata                                      irdata       000000
__Hmediumconst                                 mediumconst  010000
__HnvBANK0                                     nvBANK0      000000
__HnvCOMRAM                                    nvCOMRAM     000000
__HnvFARRAM                                    nvFARRAM     000000
__Hnvbit                                       nvbit        000000
__Hnvrram                                      nvrram       000000
__Hparam                                       rparam       000000
__Hpowerup                                     powerup      000064
__Hram                                         ram          000000
__Hramtop                                      ramtop       001000
__Hrbit                                        rbit         000000
__Hrbss                                        rbss         000000
__Hrdata                                       rdata        000000
__Hreset_vec                                   reset_vec    000004
__Hrparam                                      rparam       000000
__Hsfr                                         sfr          000000
__Hsmallconst                                  smallconst   000000
__Hspace_0                                     (abs)        30000E
__Hspace_1                                     (abs)        00049B
__Hspace_2                                     (abs)        000000
__Hstack                                       stack        000000
__Hstruct                                      struct       000000
__Htemp                                        temp         00005B
__Htext                                        text         000000
__Htext0                                       text0        000000
__Htext1                                       text1        000000
__Htext10                                      text10       000000
__Htext11                                      text11       000000
__Htext12                                      text12       000000
__Htext13                                      text13       000000
__Htext14                                      text14       000000
__Htext15                                      text15       000000
__Htext16                                      text16       000000
__Htext17                                      text17       000000
__Htext18                                      text18       000000
__Htext19                                      text19       000000
__Htext2                                       text2        000000
__Htext20                                      text20       000000
__Htext21                                      text21       000000
__Htext22                                      text22       000000
__Htext23                                      text23       000000
__Htext24                                      text24       000000
__Htext25                                      text25       000000
__Htext26                                      text26       000000
__Htext27                                      text27       000000
__Htext28                                      text28       000000
__Htext29                                      text29       000000
__Htext3                                       text3        000000
__Htext30                                      text30       000000
__Htext31                                      text31       000000
__Htext32                                      text32       000000
__Htext33                                      text33       000000
__Htext34                                      text34       000000
__Htext35                                      text35       000000
__Htext36                                      text36       000000
__Htext37                                      text37       000000
__Htext38                                      text38       000000
__Htext39                                      text39       000000
__Htext4                                       text4        000000
__Htext40                                      text40       000000
__Htext42                                      text42       000000
__Htext43                                      text43       000000
__Htext44                                      text44       000000
__Htext45                                      text45       000000
__Htext46                                      text46       000000
__Htext47                                      text47       000000
__Htext48                                      text48       000000
__Htext5                                       text5        000000
__Htext6                                       text6        000000
__Htext7                                       text7        000000
__Htext8                                       text8        000000
__Htext9                                       text9        000000
__LRAM                                         (abs)        000001
__Labs1                                        abs1         000000
__Lbank0                                       bank0        000000
__Lbank1                                       bank1        000000
__Lbank10                                      bank10       000000
__Lbank11                                      bank11       000000
__Lbank12                                      bank12       000000
__Lbank13                                      bank13       000000
__Lbank14                                      bank14       000000
__Lbank15                                      bank15       000000
__Lbank2                                       bank2        000000
__Lbank3                                       bank3        000000
__Lbank4                                       bank4        000000
__Lbank5                                       bank5        000000
__Lbank6                                       bank6        000000
__Lbank7                                       bank7        000000
__Lbank8                                       bank8        000000
__Lbank9                                       bank9        000000
__Lbigbss                                      bigbss       000000
__Lbigdata                                     bigdata      000000
__Lbigram                                      bigram       000000
__Lbss                                         bss          000000
__LbssBANK0                                    bssBANK0     000000
__LbssBIGRAM                                   bssBIGRAM    000000
__LbssCOMRAM                                   bssCOMRAM    000000
__Lcinit                                       cinit        000000
__Lclrtext                                     clrtext      000000
__Lcomram                                      comram       000000
__Lconfig                                      config       300000
__Lconst                                       const        000000
__LcstackCOMRAM                                cstackCOMRAM 000000
__Ldata                                        data         000000
__LdataBANK0                                   dataBANK0    000000
__LdataCOMRAM                                  dataCOMRAM   000000
__Leeprom_data                                 eeprom_data  000000
__Lfarbss                                      farbss       000000
__Lfardata                                     fardata      000000
__Libigdata                                    ibigdata     000000
__Lidata                                       idata        000000
__LidataBANK0                                  idataBANK0   000000
__LidataCOMRAM                                 idataCOMRAM  000000
__Lidloc                                       idloc        200000
__Lifardata                                    ifardata     000000
__Linit                                        init         000064
__Lintcode                                     intcode      000008
__Lintcode_body                                intcode_body 000000
__Lintcodelo                                   intcodelo    000064
__Lintentry                                    intentry     000000
__Lintret                                      intret       000000
__Lintsave_regs                                intsave_regs 000000
__Lirdata                                      irdata       000000
__Lmediumconst                                 mediumconst  00E81C
__LnvBANK0                                     nvBANK0      000000
__LnvCOMRAM                                    nvCOMRAM     000000
__LnvFARRAM                                    nvFARRAM     000000
__Lnvbit                                       nvbit        000000
__Lnvrram                                      nvrram       000000
__Lparam                                       rparam       000000
__Lpowerup                                     powerup      000064
__Lram                                         ram          000000
__Lramtop                                      ramtop       001000
__Lrbit                                        rbit         000000
__Lrbss                                        rbss         000000
__Lrdata                                       rdata        000000
__Lreset_vec                                   reset_vec    000000
__Lrparam                                      rparam       000000
__Lsfr                                         sfr          000000
__Lsmallconst                                  smallconst   000000
__Lspace_0                                     (abs)        000000
__Lspace_1                                     (abs)        000000
__Lspace_2                                     (abs)        000000
__Lstack                                       stack        000000
__Lstruct                                      struct       000000
__Ltemp                                        temp         00005A
__Ltext                                        text         000000
__Ltext0                                       text0        000000
__Ltext1                                       text1        000000
__Ltext10                                      text10       000000
__Ltext11                                      text11       000000
__Ltext12                                      text12       000000
__Ltext13                                      text13       000000
__Ltext14                                      text14       000000
__Ltext15                                      text15       000000
__Ltext16                                      text16       000000
__Ltext17                                      text17       000000
__Ltext18                                      text18       000000
__Ltext19                                      text19       000000
__Ltext2                                       text2        000000
__Ltext20                                      text20       000000
__Ltext21                                      text21       000000
__Ltext22                                      text22       000000
__Ltext23                                      text23       000000
__Ltext24                                      text24       000000
__Ltext25                                      text25       000000
__Ltext26                                      text26       000000
__Ltext27                                      text27       000000
__Ltext28                                      text28       000000
__Ltext29                                      text29       000000
__Ltext3                                       text3        000000
__Ltext30                                      text30       000000
__Ltext31                                      text31       000000
__Ltext32                                      text32       000000
__Ltext33                                      text33       000000
__Ltext34                                      text34       000000
__Ltext35                                      text35       000000
__Ltext36                                      text36       000000
__Ltext37                                      text37       000000
__Ltext38                                      text38       000000
__Ltext39                                      text39       000000
__Ltext4                                       text4        000000
__Ltext40                                      text40       000000
__Ltext42                                      text42       000000
__Ltext43                                      text43       000000
__Ltext44                                      text44       000000
__Ltext45                                      text45       000000
__Ltext46                                      text46       000000
__Ltext47                                      text47       000000
__Ltext48                                      text48       000000
__Ltext5                                       text5        000000
__Ltext6                                       text6        000000
__Ltext7                                       text7        000000
__Ltext8                                       text8        000000
__Ltext9                                       text9        000000
__S0                                           (abs)        30000E
__S1                                           (abs)        00049B
__S2                                           (abs)        000000
___inthi_sp                                    stack        000000
___intlo_sp                                    stack        000000
___lwdiv                                       text22       000D06
___lwdiv@counter                               cstackCOMRAM 00000B
___lwdiv@dividend                              cstackCOMRAM 000005
___lwdiv@divisor                               cstackCOMRAM 000007
___lwdiv@quotient                              cstackCOMRAM 000009
___lwmod                                       text21       000D58
___lwmod@counter                               cstackCOMRAM 000010
___lwmod@dividend                              cstackCOMRAM 00000C
___lwmod@divisor                               cstackCOMRAM 00000E
___param_bank                                  (abs)        000000
___rparam_used                                 (abs)        000001
___sp                                          stack        000000
__accesstop                                    (abs)        000060
__activetblptr                                 (abs)        000003
__end_of_Check_Response                        text37       000E06
__end_of_EUSART_DefaultErrorHandler            text46       001026
__end_of_EUSART_DefaultFramingErrorHandler     text45       001034
__end_of_EUSART_DefaultOverrunErrorHandler     text44       001020
__end_of_EUSART_Initialize                     text30       000BC8
__end_of_EUSART_Receive_ISR                    text43       000A66
__end_of_EUSART_RxDataHandler                  text47       000ECC
__end_of_EUSART_SetErrorHandler                text35       001004
__end_of_EUSART_SetFramingErrorHandler         text34       000FFA
__end_of_EUSART_SetOverrunErrorHandler         text33       000FF0
__end_of_EUSART_SetRxInterruptHandler          text32       000FE6
__end_of_EUSART_SetTxInterruptHandler          text31       000FDC
__end_of_EUSART_Transmit_ISR                   text42       000E60
__end_of_EUSART_Write                          text6        000DD0
__end_of_INTERRUPT_Initialize                  text29       00102E
__end_of_INTERRUPT_InterruptManager            intcode      000064
__end_of_OSCILLATOR_Initialize                 text28       000FD2
__end_of_PIN_MANAGER_Initialize                text27       000E36
__end_of_Read_Data                             text36       000C9E
__end_of_SYSTEM_Initialize                     text25       000F52
__end_of_Start_Signal                          text24       000F08
__end_of_TMR1_Initialize                       text26       000F3C
__end_of_TMR1_Reload                           text39       000FA6
__end_of_TMR1_StartTimer                       text38       001032
__end_of_TMR1_StopTimer                        text23       00102A
__end_of_TMR1_WriteTimer                       text40       000F24
__end_of___lwdiv                               text22       000D58
__end_of___lwmod                               text21       000D9A
__end_of__initialization                       cinit        000B4A
__end_of_bmp_hintergrund                       mediumconst  00EC1D
__end_of_fb_clear                              text20       000EAC
__end_of_fb_draw_char                          text19       0009D4
__end_of_fb_draw_string                        text18       0008AA
__end_of_fb_draw_string_big                    text17       0007DA
__end_of_fb_show                               text9        000F98
__end_of_font                                  mediumconst  00EDC0
__end_of_font2                                 mediumconst  00FF40
__end_of_fputc                                 text4        000C34
__end_of_idleI2C                               text16       000F8A
__end_of_initI2C                               text8        000F78
__end_of_main                                  text0        0004A2
__end_of_oled_init                             text7        000942
__end_of_oled_sendCommand                      text11       000EEA
__end_of_oled_sendFramebuffer                  text10       000ADE
__end_of_printf                                text1        000E86
__end_of_putch                                 text5        000FC8
__end_of_sendI2C                               text14       000F66
__end_of_startI2C                              text13       000FBE
__end_of_stopI2C                               text12       000FB2
__end_of_vfpfcnvrt                             text3        00064E
__end_of_vfprintf                              text2        000D06
__end_of_waitI2C                               text15       00100C
__initialization                               cinit        000ADE
__mediumconst                                  mediumconst  00E81C
__pbssBANK0                                    bssBANK0     000060
__pbssBIGRAM                                   bssBIGRAM    00009B
__pbssCOMRAM                                   bssCOMRAM    00002B
__pcinit                                       cinit        000ADE
__pcstackCOMRAM                                cstackCOMRAM 000001
__pdataBANK0                                   dataBANK0    000090
__pdataCOMRAM                                  dataCOMRAM   000053
__pidataBANK0                                  idataBANK0   001013
__pidataCOMRAM                                 idataCOMRAM  00100C
__pintcode                                     intcode      000008
__pmediumconst                                 mediumconst  00E81C
__pnvBANK0                                     nvBANK0      000097
__pnvCOMRAM                                    nvCOMRAM     00004A
__ptext0                                       text0        000068
__ptext1                                       text1        000E60
__ptext10                                      text10       000A66
__ptext11                                      text11       000ECC
__ptext12                                      text12       000FA6
__ptext13                                      text13       000FB2
__ptext14                                      text14       000F52
__ptext15                                      text15       001004
__ptext16                                      text16       000F78
__ptext17                                      text17       00064E
__ptext18                                      text18       0007DA
__ptext19                                      text19       000942
__ptext2                                       text2        000C9E
__ptext20                                      text20       000E86
__ptext21                                      text21       000D58
__ptext22                                      text22       000D06
__ptext23                                      text23       001026
__ptext24                                      text24       000EEA
__ptext25                                      text25       000F3C
__ptext26                                      text26       000F24
__ptext27                                      text27       000E06
__ptext28                                      text28       000FC8
__ptext29                                      text29       00102A
__ptext3                                       text3        0004A2
__ptext30                                      text30       000B54
__ptext31                                      text31       000FD2
__ptext32                                      text32       000FDC
__ptext33                                      text33       000FE6
__ptext34                                      text34       000FF0
__ptext35                                      text35       000FFA
__ptext36                                      text36       000C34
__ptext37                                      text37       000DD0
__ptext38                                      text38       00102E
__ptext39                                      text39       000F98
__ptext4                                       text4        000BC8
__ptext40                                      text40       000F08
__ptext42                                      text42       000E36
__ptext43                                      text43       0009D4
__ptext44                                      text44       00101A
__ptext45                                      text45       001032
__ptext46                                      text46       001020
__ptext47                                      text47       000EAC
__ptext48                                      text48       000000
__ptext5                                       text5        000FBE
__ptext6                                       text6        000D9A
__ptext7                                       text7        0008AA
__ptext8                                       text8        000F66
__ptext9                                       text9        000F8A
__ramtop                                       ramtop       001000
__size_of_Check_Response                       (abs)        000000
__size_of_EUSART_DefaultErrorHandler           (abs)        000000
__size_of_EUSART_DefaultFramingErrorHandler    (abs)        000000
__size_of_EUSART_DefaultOverrunErrorHandler    (abs)        000000
__size_of_EUSART_Initialize                    (abs)        000000
__size_of_EUSART_Receive_ISR                   (abs)        000000
__size_of_EUSART_RxDataHandler                 (abs)        000000
__size_of_EUSART_SetErrorHandler               (abs)        000000
__size_of_EUSART_SetFramingErrorHandler        (abs)        000000
__size_of_EUSART_SetOverrunErrorHandler        (abs)        000000
__size_of_EUSART_SetRxInterruptHandler         (abs)        000000
__size_of_EUSART_SetTxInterruptHandler         (abs)        000000
__size_of_EUSART_Transmit_ISR                  (abs)        000000
__size_of_EUSART_Write                         (abs)        000000
__size_of_INTERRUPT_Initialize                 (abs)        000000
__size_of_INTERRUPT_InterruptManager           (abs)        000000
__size_of_OSCILLATOR_Initialize                (abs)        000000
__size_of_PIN_MANAGER_Initialize               (abs)        000000
__size_of_Read_Data                            (abs)        000000
__size_of_SYSTEM_Initialize                    (abs)        000000
__size_of_Start_Signal                         (abs)        000000
__size_of_TMR1_Initialize                      (abs)        000000
__size_of_TMR1_Reload                          (abs)        000000
__size_of_TMR1_StartTimer                      (abs)        000000
__size_of_TMR1_StopTimer                       (abs)        000000
__size_of_TMR1_WriteTimer                      (abs)        000000
__size_of___lwdiv                              (abs)        000000
__size_of___lwmod                              (abs)        000000
__size_of_fb_clear                             (abs)        000000
__size_of_fb_draw_char                         (abs)        000000
__size_of_fb_draw_string                       (abs)        000000
__size_of_fb_draw_string_big                   (abs)        000000
__size_of_fb_show                              (abs)        000000
__size_of_fputc                                (abs)        000000
__size_of_idleI2C                              (abs)        000000
__size_of_initI2C                              (abs)        000000
__size_of_main                                 (abs)        000000
__size_of_oled_init                            (abs)        000000
__size_of_oled_sendCommand                     (abs)        000000
__size_of_oled_sendFramebuffer                 (abs)        000000
__size_of_printf                               (abs)        000000
__size_of_putch                                (abs)        000000
__size_of_sendI2C                              (abs)        000000
__size_of_startI2C                             (abs)        000000
__size_of_stopI2C                              (abs)        000000
__size_of_vfpfcnvrt                            (abs)        000000
__size_of_vfprintf                             (abs)        000000
__size_of_waitI2C                              (abs)        000000
__smallconst                                   smallconst   000000
_buffer                                        bssBIGRAM    00009B
_eusartRxBuffer                                bssBANK0     000080
_eusartRxCount                                 bssCOMRAM    000040
_eusartRxHead                                  bssCOMRAM    000042
_eusartRxLastError                             bssCOMRAM    00003F
_eusartRxStatusBuffer                          bssCOMRAM    00002B
_eusartRxTail                                  bssCOMRAM    000041
_eusartTxBuffer                                bssBANK0     000088
_eusartTxBufferRemaining                       nvCOMRAM     000052
_eusartTxHead                                  bssCOMRAM    000044
_eusartTxTail                                  bssCOMRAM    000043
_fb_clear                                      text20       000E86
_fb_draw_char                                  text19       000942
_fb_draw_string                                text18       0007DA
_fb_draw_string_big                            text17       00064E
_fb_show                                       text9        000F8A
_flags                                         bssCOMRAM    000039
_font                                          mediumconst  00EC1D
_font2                                         mediumconst  00EDC0
_fputc                                         text4        000BC8
_idleI2C                                       text16       000F78
_initI2C                                       text8        000F66
_main                                          text0        000068
_nout                                          bssCOMRAM    000033
_oled_init                                     text7        0008AA
_oled_sendCommand                              text11       000ECC
_oled_sendFramebuffer                          text10       000A66
_prec                                          bssCOMRAM    000037
_printf                                        text1        000E60
_putch                                         text5        000FBE
_sendI2C                                       text14       000F52
_startI2C                                      text13       000FB2
_stopI2C                                       text12       000FA6
_timer1ReloadVal                               nvCOMRAM     00004A
_vfpfcnvrt                                     text3        0004A2
_vfprintf                                      text2        000C9E
_waitI2C                                       text15       001004
_width                                         bssCOMRAM    000035
btemp                                          temp         00005A
end_of_initialization                          cinit        000B4A
fb_clear@buffer_location                       cstackCOMRAM 000005
fb_draw_char@bufIndex                          cstackCOMRAM 00000F
fb_draw_char@fIndex                            cstackCOMRAM 000009
fb_draw_char@j                                 cstackCOMRAM 000011
fb_draw_char@x                                 cstackCOMRAM 000005
fb_draw_char@y                                 cstackCOMRAM 000007
fb_draw_string@k                               cstackCOMRAM 00001C
fb_draw_string@lIndex                          cstackCOMRAM 00001E
fb_draw_string@pS                              cstackCOMRAM 000016
fb_draw_string@x                               cstackCOMRAM 000012
fb_draw_string@y                               cstackCOMRAM 000014
fb_draw_string_big@k                           cstackCOMRAM 000016
fb_draw_string_big@pS                          cstackCOMRAM 000009
fb_draw_string_big@x                           cstackCOMRAM 000005
fb_draw_string_big@y                           cstackCOMRAM 000007
fputc@c                                        cstackCOMRAM 000007
fputc@fp                                       cstackCOMRAM 000009
int$flags                                      temp         00005A
intlevel0                                      text         000000
intlevel1                                      text         000000
intlevel2                                      text         000000
intlevel3                                      text         000000
oled_sendCommand@command                       cstackCOMRAM 000007
oled_sendFramebuffer@buffer                    cstackCOMRAM 000008
oled_sendFramebuffer@packet                    cstackCOMRAM 00000C
oled_sendFramebuffer@packet_byte               cstackCOMRAM 00000D
printf@ap                                      cstackCOMRAM 000027
printf@fmt                                     cstackCOMRAM 000023
putch@txData                                   cstackCOMRAM 000006
sendI2C@byte                                   cstackCOMRAM 000006
stackhi                                        (abs)        000F5F
stacklo                                        (abs)        00049B
start                                          init         000064
start_initialization                           cinit        000ADE
ttemp5                                         temp         00005B
ttemp6                                         temp         00005E
ttemp7                                         temp         000062
vfpfcnvrt@ap                                   cstackCOMRAM 000014
vfpfcnvrt@fmt                                  cstackCOMRAM 000012
vfpfcnvrt@fp                                   cstackCOMRAM 000010
vfpfcnvrt@vp                                   cstackCOMRAM 000019
vfprintf@ap                                    cstackCOMRAM 00001F
vfprintf@cfmt                                  cstackCOMRAM 000021
vfprintf@fmt                                   cstackCOMRAM 00001D
vfprintf@fp                                    cstackCOMRAM 00001B
wtemp8                                         temp         00005B


FUNCTION INFORMATION:

 *************** function _main *****************
 Defined at:
		line 64 in file "main.c"
 Parameters:    Size  Location     Type
		None
 Auto vars:     Size  Location     Type
		None
 Return value:  Size  Location     Type
                  1    wreg      void 
 Registers used:
		wreg, fsr0l, fsr0h, fsr1l, fsr1h, fsr2l, fsr2h, status,2, status,0, tblptrl, tblptrh, tblptru, prodl, prodh, cstack
 Tracked objects:
		On entry : 
		On exit  : 
		Unchanged: 
 Data sizes:     COMRAM   BANK0   BANK1   BANK2   BANK3   BANK4   BANK5   BANK6   BANK7   BANK8   BANK9  BANK10  BANK11  BANK12  BANK13  BANK14  BANK15
      Params:         0       0       0       0       0       0       0       0       0       0       0       0       0       0       0       0       0
      Locals:         0       0       0       0       0       0       0       0       0       0       0       0       0       0       0       0       0
      Temps:          2       0       0       0       0       0       0       0       0       0       0       0       0       0       0       0       0
      Totals:         2       0       0       0       0       0       0       0       0       0       0       0       0       0       0       0       0
Total ram usage:        2 bytes
 Hardware stack levels required when called:   10
 This function calls:
		_Check_Response
		_Read_Data
		_SYSTEM_Initialize
		_Start_Signal
		_TMR1_Reload
		_TMR1_StopTimer
		___lwdiv
		___lwmod
		_fb_clear
		_fb_draw_string
		_fb_draw_string_big
		_fb_show
		_initI2C
		_oled_init
		_printf
 This function is called by:
		Startup code after reset
 This function uses a non-reentrant model


 *************** function _printf *****************
 Defined at:
		line 5 in file "C:\Program Files (x86)\Microchip\xc8\v2.05\pic\sources\c99\common\printf.c"
 Parameters:    Size  Location     Type
  fmt             2   34[COMRAM] PTR const unsigned char 
		 -> STR_17(30), STR_14(18), STR_10(2), STR_9(15), 
		 -> STR_8(2), STR_7(13), Humidity(7), Temperature(7), 
		 -> STR_4(12), 
 Auto vars:     Size  Location     Type
  ap              2   38[COMRAM] PTR void [1]
		 -> ?_printf(2), 
  ret             2    0        int 
 Return value:  Size  Location     Type
                  2   34[COMRAM] int 
 Registers used:
		wreg, fsr0l, fsr0h, fsr1l, fsr1h, fsr2l, fsr2h, status,2, status,0, tblptrl, tblptrh, tblptru, cstack
 Tracked objects:
		On entry : 
		On exit  : 
		Unchanged: 
 Data sizes:     COMRAM   BANK0   BANK1   BANK2   BANK3   BANK4   BANK5   BANK6   BANK7   BANK8   BANK9  BANK10  BANK11  BANK12  BANK13  BANK14  BANK15
      Params:         2       0       0       0       0       0       0       0       0       0       0       0       0       0       0       0       0
      Locals:         4       0       0       0       0       0       0       0       0       0       0       0       0       0       0       0       0
      Temps:          0       0       0       0       0       0       0       0       0       0       0       0       0       0       0       0       0
      Totals:         6       0       0       0       0       0       0       0       0       0       0       0       0       0       0       0       0
Total ram usage:        6 bytes
 Hardware stack levels used:    1
 Hardware stack levels required when called:    9
 This function calls:
		_vfprintf
 This function is called by:
		_main
 This function uses a non-reentrant model


 *************** function _vfprintf *****************
 Defined at:
		line 1368 in file "C:\Program Files (x86)\Microchip\xc8\v2.05\pic\sources\c99\common\doprnt.c"
 Parameters:    Size  Location     Type
  fp              2   26[COMRAM] PTR struct _IO_FILE
		 -> NULL(0), 
  fmt             2   28[COMRAM] PTR const unsigned char 
		 -> STR_17(30), STR_14(18), STR_10(2), STR_9(15), 
		 -> STR_8(2), STR_7(13), Humidity(7), Temperature(7), 
		 -> STR_4(12), 
  ap              2   30[COMRAM] PTR PTR void 
		 -> printf@ap(2), 
 Auto vars:     Size  Location     Type
  cfmt            2   32[COMRAM] PTR unsigned char 
		 -> STR_17(30), STR_14(18), STR_10(2), STR_9(15), 
		 -> STR_8(2), STR_7(13), Humidity(7), Temperature(7), 
		 -> STR_4(12), 
 Return value:  Size  Location     Type
                  2   26[COMRAM] int 
 Registers used:
		wreg, fsr0l, fsr0h, fsr1l, fsr1h, fsr2l, fsr2h, status,2, status,0, tblptrl, tblptrh, tblptru, cstack
 Tracked objects:
		On entry : 
		On exit  : 
		Unchanged: 
 Data sizes:     COMRAM   BANK0   BANK1   BANK2   BANK3   BANK4   BANK5   BANK6   BANK7   BANK8   BANK9  BANK10  BANK11  BANK12  BANK13  BANK14  BANK15
      Params:         6       0       0       0       0       0       0       0       0       0       0       0       0       0       0       0       0
      Locals:         2       0       0       0       0       0       0       0       0       0       0       0       0       0       0       0       0
      Temps:          0       0       0       0       0       0       0       0       0       0       0       0       0       0       0       0       0
      Totals:         8       0       0       0       0       0       0       0       0       0       0       0       0       0       0       0       0
Total ram usage:        8 bytes
 Hardware stack levels used:    1
 Hardware stack levels required when called:    8
 This function calls:
		_vfpfcnvrt
 This function is called by:
		_printf
 This function uses a non-reentrant model


 *************** function _vfpfcnvrt *****************
 Defined at:
		line 670 in file "C:\Program Files (x86)\Microchip\xc8\v2.05\pic\sources\c99\common\doprnt.c"
 Parameters:    Size  Location     Type
  fp              2   15[COMRAM] PTR struct _IO_FILE
		 -> NULL(0), 
  fmt             2   17[COMRAM] PTR PTR unsigned char 
		 -> vfprintf@cfmt(2), 
  ap              2   19[COMRAM] PTR PTR void 
		 -> printf@ap(2), 
 Auto vars:     Size  Location     Type
  llu             8    0        unsigned long long 
  ll              8    0        long long 
  f               4    0        long long 
  ct              3    0        unsigned char [3]
  cp              3    0        PTR unsigned char 
  vp              2   24[COMRAM] PTR void 
		 -> ?_printf(2), 
  i               2    0        int 
  done            2    0        int 
  c               1    0        unsigned char 
 Return value:  Size  Location     Type
                  2   15[COMRAM] int 
 Registers used:
		wreg, fsr0l, fsr0h, fsr1l, fsr1h, fsr2l, fsr2h, status,2, status,0, tblptrl, tblptrh, tblptru, cstack
 Tracked objects:
		On entry : 
		On exit  : 
		Unchanged: 
 Data sizes:     COMRAM   BANK0   BANK1   BANK2   BANK3   BANK4   BANK5   BANK6   BANK7   BANK8   BANK9  BANK10  BANK11  BANK12  BANK13  BANK14  BANK15
      Params:         6       0       0       0       0       0       0       0       0       0       0       0       0       0       0       0       0
      Locals:         2       0       0       0       0       0       0       0       0       0       0       0       0       0       0       0       0
      Temps:          3       0       0       0       0       0       0       0       0       0       0       0       0       0       0       0       0
      Totals:        11       0       0       0       0       0       0       0       0       0       0       0       0       0       0       0       0
Total ram usage:       11 bytes
 Hardware stack levels used:    1
 Hardware stack levels required when called:    7
 This function calls:
		_fputc
 This function is called by:
		_vfprintf
 This function uses a non-reentrant model


 *************** function _fputc *****************
 Defined at:
		line 8 in file "C:\Program Files (x86)\Microchip\xc8\v2.05\pic\sources\c99\common\nf_fputc.c"
 Parameters:    Size  Location     Type
  c               2    6[COMRAM] int 
  fp              2    8[COMRAM] PTR struct _IO_FILE
		 -> NULL(0), 
 Auto vars:     Size  Location     Type
		None
 Return value:  Size  Location     Type
                  2    6[COMRAM] int 
 Registers used:
		wreg, fsr1l, fsr1h, fsr2l, fsr2h, status,2, status,0, cstack
 Tracked objects:
		On entry : 
		On exit  : 
		Unchanged: 
 Data sizes:     COMRAM   BANK0   BANK1   BANK2   BANK3   BANK4   BANK5   BANK6   BANK7   BANK8   BANK9  BANK10  BANK11  BANK12  BANK13  BANK14  BANK15
      Params:         4       0       0       0       0       0       0       0       0       0       0       0       0       0       0       0       0
      Locals:         0       0       0       0       0       0       0       0       0       0       0       0       0       0       0       0       0
      Temps:          5       0       0       0       0       0       0       0       0       0       0       0       0       0       0       0       0
      Totals:         9       0       0       0       0       0       0       0       0       0       0       0       0       0       0       0       0
Total ram usage:        9 bytes
 Hardware stack levels used:    1
 Hardware stack levels required when called:    6
 This function calls:
		_putch
 This function is called by:
		_vfpfcnvrt
 This function uses a non-reentrant model


 *************** function _putch *****************
 Defined at:
		line 201 in file "mcc_generated_files/eusart.c"
 Parameters:    Size  Location     Type
  txData          1    wreg     unsigned char 
 Auto vars:     Size  Location     Type
  txData          1    5[COMRAM] unsigned char 
 Return value:  Size  Location     Type
                  1    wreg      void 
 Registers used:
		wreg, fsr2l, fsr2h, status,2, status,0, cstack
 Tracked objects:
		On entry : 
		On exit  : 
		Unchanged: 
 Data sizes:     COMRAM   BANK0   BANK1   BANK2   BANK3   BANK4   BANK5   BANK6   BANK7   BANK8   BANK9  BANK10  BANK11  BANK12  BANK13  BANK14  BANK15
      Params:         0       0       0       0       0       0       0       0       0       0       0       0       0       0       0       0       0
      Locals:         1       0       0       0       0       0       0       0       0       0       0       0       0       0       0       0       0
      Temps:          0       0       0       0       0       0       0       0       0       0       0       0       0       0       0       0       0
      Totals:         1       0       0       0       0       0       0       0       0       0       0       0       0       0       0       0       0
Total ram usage:        1 bytes
 Hardware stack levels used:    1
 Hardware stack levels required when called:    5
 This function calls:
		_EUSART_Write
 This function is called by:
		_fputc
 This function uses a non-reentrant model


 *************** function _EUSART_Write *****************
 Defined at:
		line 173 in file "mcc_generated_files/eusart.c"
 Parameters:    Size  Location     Type
  txData          1    wreg     unsigned char 
 Auto vars:     Size  Location     Type
  txData          1    4[COMRAM] unsigned char 
 Return value:  Size  Location     Type
                  1    wreg      void 
 Registers used:
		wreg, fsr2l, fsr2h, status,2, status,0
 Tracked objects:
		On entry : 
		On exit  : 
		Unchanged: 
 Data sizes:     COMRAM   BANK0   BANK1   BANK2   BANK3   BANK4   BANK5   BANK6   BANK7   BANK8   BANK9  BANK10  BANK11  BANK12  BANK13  BANK14  BANK15
      Params:         0       0       0       0       0       0       0       0       0       0       0       0       0       0       0       0       0
      Locals:         1       0       0       0       0       0       0       0       0       0       0       0       0       0       0       0       0
      Temps:          0       0       0       0       0       0       0       0       0       0       0       0       0       0       0       0       0
      Totals:         1       0       0       0       0       0       0       0       0       0       0       0       0       0       0       0       0
Total ram usage:        1 bytes
 Hardware stack levels used:    1
 Hardware stack levels required when called:    4
 This function calls:
		Nothing
 This function is called by:
		_putch
 This function uses a non-reentrant model


 *************** function _oled_init *****************
 Defined at:
		line 25 in file "oled.c"
 Parameters:    Size  Location     Type
		None
 Auto vars:     Size  Location     Type
		None
 Return value:  Size  Location     Type
                  1    wreg      void 
 Registers used:
		wreg, status,2, status,0, cstack
 Tracked objects:
		On entry : 
		On exit  : 
		Unchanged: 
 Data sizes:     COMRAM   BANK0   BANK1   BANK2   BANK3   BANK4   BANK5   BANK6   BANK7   BANK8   BANK9  BANK10  BANK11  BANK12  BANK13  BANK14  BANK15
      Params:         0       0       0       0       0       0       0       0       0       0       0       0       0       0       0       0       0
      Locals:         0       0       0       0       0       0       0       0       0       0       0       0       0       0       0       0       0
      Temps:          0       0       0       0       0       0       0       0       0       0       0       0       0       0       0       0       0
      Totals:         0       0       0       0       0       0       0       0       0       0       0       0       0       0       0       0       0
Total ram usage:        0 bytes
 Hardware stack levels used:    1
 Hardware stack levels required when called:    7
 This function calls:
		_oled_sendCommand
 This function is called by:
		_main
 This function uses a non-reentrant model


 *************** function _initI2C *****************
 Defined at:
		line 16 in file "peri.c"
 Parameters:    Size  Location     Type
		None
 Auto vars:     Size  Location     Type
		None
 Return value:  Size  Location     Type
                  1    wreg      void 
 Registers used:
		wreg, status,2
 Tracked objects:
		On entry : 
		On exit  : 
		Unchanged: 
 Data sizes:     COMRAM   BANK0   BANK1   BANK2   BANK3   BANK4   BANK5   BANK6   BANK7   BANK8   BANK9  BANK10  BANK11  BANK12  BANK13  BANK14  BANK15
      Params:         0       0       0       0       0       0       0       0       0       0       0       0       0       0       0       0       0
      Locals:         0       0       0       0       0       0       0       0       0       0       0       0       0       0       0       0       0
      Temps:          0       0       0       0       0       0       0       0       0       0       0       0       0       0       0       0       0
      Totals:         0       0       0       0       0       0       0       0       0       0       0       0       0       0       0       0       0
Total ram usage:        0 bytes
 Hardware stack levels used:    1
 Hardware stack levels required when called:    4
 This function calls:
		Nothing
 This function is called by:
		_main
 This function uses a non-reentrant model


 *************** function _fb_show *****************
 Defined at:
		line 216 in file "oled.c"
 Parameters:    Size  Location     Type
		None
 Auto vars:     Size  Location     Type
		None
 Return value:  Size  Location     Type
                  1    wreg      void 
 Registers used:
		wreg, fsr2l, fsr2h, status,2, status,0, prodl, prodh, cstack
 Tracked objects:
		On entry : 
		On exit  : 
		Unchanged: 
 Data sizes:     COMRAM   BANK0   BANK1   BANK2   BANK3   BANK4   BANK5   BANK6   BANK7   BANK8   BANK9  BANK10  BANK11  BANK12  BANK13  BANK14  BANK15
      Params:         0       0       0       0       0       0       0       0       0       0       0       0       0       0       0       0       0
      Locals:         0       0       0       0       0       0       0       0       0       0       0       0       0       0       0       0       0
      Temps:          0       0       0       0       0       0       0       0       0       0       0       0       0       0       0       0       0
      Totals:         0       0       0       0       0       0       0       0       0       0       0       0       0       0       0       0       0
Total ram usage:        0 bytes
 Hardware stack levels used:    1
 Hardware stack levels required when called:    8
 This function calls:
		_oled_sendFramebuffer
 This function is called by:
		_main
 This function uses a non-reentrant model


 *************** function _oled_sendFramebuffer *****************
 Defined at:
		line 106 in file "oled.c"
 Parameters:    Size  Location     Type
  buffer          2    7[COMRAM] PTR unsigned char 
		 -> RAM(3935), buffer(1024), 
 Auto vars:     Size  Location     Type
  packet_byte     1   12[COMRAM] unsigned char 
  packet          1   11[COMRAM] unsigned char 
 Return value:  Size  Location     Type
                  1    wreg      void 
 Registers used:
		wreg, fsr2l, fsr2h, status,2, status,0, prodl, prodh, cstack
 Tracked objects:
		On entry : 
		On exit  : 
		Unchanged: 
 Data sizes:     COMRAM   BANK0   BANK1   BANK2   BANK3   BANK4   BANK5   BANK6   BANK7   BANK8   BANK9  BANK10  BANK11  BANK12  BANK13  BANK14  BANK15
      Params:         2       0       0       0       0       0       0       0       0       0       0       0       0       0       0       0       0
      Locals:         2       0       0       0       0       0       0       0       0       0       0       0       0       0       0       0       0
      Temps:          2       0       0       0       0       0       0       0       0       0       0       0       0       0       0       0       0
      Totals:         6       0       0       0       0       0       0       0       0       0       0       0       0       0       0       0       0
Total ram usage:        6 bytes
 Hardware stack levels used:    1
 Hardware stack levels required when called:    7
 This function calls:
		_oled_sendCommand
		_sendI2C
		_startI2C
		_stopI2C
 This function is called by:
		_fb_show
		_fb_show_bmp
		_fb_show_background
 This function uses a non-reentrant model


 *************** function _oled_sendCommand *****************
 Defined at:
		line 80 in file "oled.c"
 Parameters:    Size  Location     Type
  command         1    wreg     unsigned char 
 Auto vars:     Size  Location     Type
  command         1    6[COMRAM] unsigned char 
 Return value:  Size  Location     Type
                  1    wreg      void 
 Registers used:
		wreg, status,2, status,0, cstack
 Tracked objects:
		On entry : 
		On exit  : 
		Unchanged: 
[...]
      Params:         0       0       0       0       0       0       0       0       0       0       0       0       0       0       0       0       0
      Locals:         0       0       0       0       0       0       0       0       0       0       0       0       0       0       0       0       0
      Temps:          0       0       0       0       0       0       0       0       0       0       0       0       0       0       0       0       0
      Totals:         0       0       0       0       0       0       0       0       0       0       0       0       0       0       0       0       0
Total ram usage:        0 bytes
 Hardware stack levels used:    1
 Hardware stack levels required when called:    6
 This function calls:
		_TMR1_Reload
		_TMR1_StartTimer
 This function is called by:
		_main
 This function uses a non-reentrant model


 *************** function _TMR1_StartTimer *****************
 Defined at:
		line 83 in file "mcc_generated_files/tmr1.c"
 Parameters:    Size  Location     Type
		None
 Auto vars:     Size  Location     Type
		None
 Return value:  Size  Location     Type
                  1    wreg      void 
 Registers used:
		None
 Tracked objects:
		On entry : 
		On exit  : 
		Unchanged: 
 Data sizes:     COMRAM   BANK0   BANK1   BANK2   BANK3   BANK4   BANK5   BANK6   BANK7   BANK8   BANK9  BANK10  BANK11  BANK12  BANK13  BANK14  BANK15
      Params:         0       0       0       0       0       0       0       0       0       0       0       0       0       0       0       0       0
      Locals:         0       0       0       0       0       0       0       0       0       0       0       0       0       0       0       0       0
      Temps:          0       0       0       0       0       0       0       0       0       0       0       0       0       0       0       0       0
      Totals:         0       0       0       0       0       0       0       0       0       0       0       0       0       0       0       0       0
Total ram usage:        0 bytes
 Hardware stack levels used:    1
 Hardware stack levels required when called:    4
 This function calls:
		Nothing
 This function is called by:
		_Check_Response
 This function uses a non-reentrant model


 *************** function _TMR1_Reload *****************
 Defined at:
		line 133 in file "mcc_generated_files/tmr1.c"
 Parameters:    Size  Location     Type
		None
 Auto vars:     Size  Location     Type
		None
 Return value:  Size  Location     Type
                  1    wreg      void 
 Registers used:
		wreg, status,2, cstack
 Tracked objects:
		On entry : 
		On exit  : 
		Unchanged: 
 Data sizes:     COMRAM   BANK0   BANK1   BANK2   BANK3   BANK4   BANK5   BANK6   BANK7   BANK8   BANK9  BANK10  BANK11  BANK12  BANK13  BANK14  BANK15
      Params:         0       0       0       0       0       0       0       0       0       0       0       0       0       0       0       0       0
      Locals:         0       0       0       0       0       0       0       0       0       0       0       0       0       0       0       0       0
      Temps:          0       0       0       0       0       0       0       0       0       0       0       0       0       0       0       0       0
      Totals:         0       0       0       0       0       0       0       0       0       0       0       0       0       0       0       0       0
Total ram usage:        0 bytes
 Hardware stack levels used:    1
 Hardware stack levels required when called:    5
 This function calls:
		_TMR1_WriteTimer
 This function is called by:
		_main
		_Check_Response
		_Read_Data
 This function uses a non-reentrant model


 *************** function _TMR1_WriteTimer *****************
 Defined at:
		line 111 in file "mcc_generated_files/tmr1.c"
 Parameters:    Size  Location     Type
  timerVal        2    4[COMRAM] unsigned short 
 Auto vars:     Size  Location     Type
		None
 Return value:  Size  Location     Type
                  1    wreg      void 
 Registers used:
		wreg, status,2
 Tracked objects:
		On entry : 
		On exit  : 
		Unchanged: 
 Data sizes:     COMRAM   BANK0   BANK1   BANK2   BANK3   BANK4   BANK5   BANK6   BANK7   BANK8   BANK9  BANK10  BANK11  BANK12  BANK13  BANK14  BANK15
      Params:         2       0       0       0       0       0       0       0       0       0       0       0       0       0       0       0       0
      Locals:         0       0       0       0       0       0       0       0       0       0       0       0       0       0       0       0       0
      Temps:          0       0       0       0       0       0       0       0       0       0       0       0       0       0       0       0       0
      Totals:         2       0       0       0       0       0       0       0       0       0       0       0       0       0       0       0       0
Total ram usage:        2 bytes
 Hardware stack levels used:    1
 Hardware stack levels required when called:    4
 This function calls:
		Nothing
 This function is called by:
		_TMR1_Reload
 This function uses a non-reentrant model


 *************** function _INTERRUPT_InterruptManager *****************
 Defined at:
		line 58 in file "mcc_generated_files/interrupt_manager.c"
 Parameters:    Size  Location     Type
		None
 Auto vars:     Size  Location     Type
		None
 Return value:  Size  Location     Type
                  1    wreg      void 
 Registers used:
		wreg, fsr2l, fsr2h, status,2, status,0, pclath, tosl, cstack
 Tracked objects:
		On entry : 
		On exit  : 
		Unchanged: 
 Data sizes:     COMRAM   BANK0   BANK1   BANK2   BANK3   BANK4   BANK5   BANK6   BANK7   BANK8   BANK9  BANK10  BANK11  BANK12  BANK13  BANK14  BANK15
      Params:         0       0       0       0       0       0       0       0       0       0       0       0       0       0       0       0       0
      Locals:         0       0       0       0       0       0       0       0       0       0       0       0       0       0       0       0       0
      Temps:          4       0       0       0       0       0       0       0       0       0       0       0       0       0       0       0       0
      Totals:         4       0       0       0       0       0       0       0       0       0       0       0       0       0       0       0       0
Total ram usage:        4 bytes
 Hardware stack levels used:    1
 Hardware stack levels required when called:    3
 This function calls:
		Absolute function
		_EUSART_Receive_ISR
		_EUSART_Transmit_ISR
 This function is called by:
		Interrupt level 2
 This function uses a non-reentrant model


 *************** function _EUSART_Transmit_ISR *****************
 Defined at:
		line 206 in file "mcc_generated_files/eusart.c"
 Parameters:    Size  Location     Type
		None
 Auto vars:     Size  Location     Type
		None
 Return value:  Size  Location     Type
                  1    wreg      void 
 Registers used:
		wreg, fsr2l, fsr2h, status,2, status,0
 Tracked objects:
		On entry : 
		On exit  : 
		Unchanged: 
 Data sizes:     COMRAM   BANK0   BANK1   BANK2   BANK3   BANK4   BANK5   BANK6   BANK7   BANK8   BANK9  BANK10  BANK11  BANK12  BANK13  BANK14  BANK15
      Params:         0       0       0       0       0       0       0       0       0       0       0       0       0       0       0       0       0
      Locals:         0       0       0       0       0       0       0       0       0       0       0       0       0       0       0       0       0
      Temps:          0       0       0       0       0       0       0       0       0       0       0       0       0       0       0       0       0
      Totals:         0       0       0       0       0       0       0       0       0       0       0       0       0       0       0       0       0
Total ram usage:        0 bytes
 Hardware stack levels used:    1
 This function calls:
		Nothing
 This function is called by:
		_EUSART_Initialize
		_INTERRUPT_InterruptManager
 This function uses a non-reentrant model


 *************** function _EUSART_Receive_ISR *****************
 Defined at:
		line 225 in file "mcc_generated_files/eusart.c"
 Parameters:    Size  Location     Type
		None
 Auto vars:     Size  Location     Type
		None
 Return value:  Size  Location     Type
                  1    wreg      void 
 Registers used:
		wreg, fsr2l, fsr2h, status,2, status,0, pclath, tosl, cstack
 Tracked objects:
		On entry : 
		On exit  : 
		Unchanged: 
 Data sizes:     COMRAM   BANK0   BANK1   BANK2   BANK3   BANK4   BANK5   BANK6   BANK7   BANK8   BANK9  BANK10  BANK11  BANK12  BANK13  BANK14  BANK15
      Params:         0       0       0       0       0       0       0       0       0       0       0       0       0       0       0       0       0
      Locals:         0       0       0       0       0       0       0       0       0       0       0       0       0       0       0       0       0
      Temps:          0       0       0       0       0       0       0       0       0       0       0       0       0       0       0       0       0
      Totals:         0       0       0       0       0       0       0       0       0       0       0       0       0       0       0       0       0
Total ram usage:        0 bytes
 Hardware stack levels used:    1
 Hardware stack levels required when called:    2
 This function calls:
		Absolute function
		_EUSART_DefaultErrorHandler
		_EUSART_DefaultFramingErrorHandler
		_EUSART_DefaultOverrunErrorHandler
		_EUSART_RxDataHandler
 This function is called by:
		_EUSART_Initialize
		_INTERRUPT_InterruptManager
 This function uses a non-reentrant model


 *************** function _EUSART_DefaultOverrunErrorHandler *****************
 Defined at:
		line 261 in file "mcc_generated_files/eusart.c"
 Parameters:    Size  Location     Type
		None
 Auto vars:     Size  Location     Type
		None
 Return value:  Size  Location     Type
                  1    wreg      void 
 Registers used:
		None
 Tracked objects:
		On entry : 
		On exit  : 
		Unchanged: 
 Data sizes:     COMRAM   BANK0   BANK1   BANK2   BANK3   BANK4   BANK5   BANK6   BANK7   BANK8   BANK9  BANK10  BANK11  BANK12  BANK13  BANK14  BANK15
      Params:         0       0       0       0       0       0       0       0       0       0       0       0       0       0       0       0       0
      Locals:         0       0       0       0       0       0       0       0       0       0       0       0       0       0       0       0       0
      Temps:          0       0       0       0       0       0       0       0       0       0       0       0       0       0       0       0       0
      Totals:         0       0       0       0       0       0       0       0       0       0       0       0       0       0       0       0       0
Total ram usage:        0 bytes
 Hardware stack levels used:    1
 This function calls:
		Nothing
 This function is called by:
		_EUSART_Initialize
		_EUSART_Receive_ISR
 This function uses a non-reentrant model


 *************** function _EUSART_DefaultFramingErrorHandler *****************
 Defined at:
		line 259 in file "mcc_generated_files/eusart.c"
 Parameters:    Size  Location     Type
		None
 Auto vars:     Size  Location     Type
		None
 Return value:  Size  Location     Type
                  1    wreg      void 
 Registers used:
		None
 Tracked objects:
		On entry : 
		On exit  : 
		Unchanged: 
 Data sizes:     COMRAM   BANK0   BANK1   BANK2   BANK3   BANK4   BANK5   BANK6   BANK7   BANK8   BANK9  BANK10  BANK11  BANK12  BANK13  BANK14  BANK15
      Params:         0       0       0       0       0       0       0       0       0       0       0       0       0       0       0       0       0
      Locals:         0       0       0       0       0       0       0       0       0       0       0       0       0       0       0       0       0
      Temps:          0       0       0       0       0       0       0       0       0       0       0       0       0       0       0       0       0
      Totals:         0       0       0       0       0       0       0       0       0       0       0       0       0       0       0       0       0
Total ram usage:        0 bytes
 Hardware stack levels used:    1
 This function calls:
		Nothing
 This function is called by:
		_EUSART_Initialize
		_EUSART_Receive_ISR
 This function uses a non-reentrant model


 *************** function _EUSART_DefaultErrorHandler *****************
 Defined at:
		line 269 in file "mcc_generated_files/eusart.c"
 Parameters:    Size  Location     Type
		None
 Auto vars:     Size  Location     Type
		None
 Return value:  Size  Location     Type
                  1    wreg      void 
 Registers used:
		wreg, fsr2l, fsr2h, status,2, status,0, cstack
 Tracked objects:
		On entry : 
		On exit  : 
		Unchanged: 
 Data sizes:     COMRAM   BANK0   BANK1   BANK2   BANK3   BANK4   BANK5   BANK6   BANK7   BANK8   BANK9  BANK10  BANK11  BANK12  BANK13  BANK14  BANK15
      Params:         0       0       0       0       0       0       0       0       0       0       0       0       0       0       0       0       0
      Locals:         0       0       0       0       0       0       0       0       0       0       0       0       0       0       0       0       0
      Temps:          0       0       0       0       0       0       0       0       0       0       0       0       0       0       0       0       0
      Totals:         0       0       0       0       0       0       0       0       0       0       0       0       0       0       0       0       0
Total ram usage:        0 bytes
 Hardware stack levels used:    1
 Hardware stack levels required when called:    1
 This function calls:
		_EUSART_RxDataHandler
 This function is called by:
		_EUSART_Initialize
		_EUSART_Receive_ISR
 This function uses a non-reentrant model


 *************** function _EUSART_RxDataHandler *****************
 Defined at:
		line 249 in file "mcc_generated_files/eusart.c"
 Parameters:    Size  Location     Type
		None
 Auto vars:     Size  Location     Type
		None
 Return value:  Size  Location     Type
                  1    wreg      void 
 Registers used:
		wreg, fsr2l, fsr2h, status,2, status,0
 Tracked objects:
		On entry : 
		On exit  : 
		Unchanged: 
 Data sizes:     COMRAM   BANK0   BANK1   BANK2   BANK3   BANK4   BANK5   BANK6   BANK7   BANK8   BANK9  BANK10  BANK11  BANK12  BANK13  BANK14  BANK15
      Params:         0       0       0       0       0       0       0       0       0       0       0       0       0       0       0       0       0
      Locals:         0       0       0       0       0       0       0       0       0       0       0       0       0       0       0       0       0
      Temps:          0       0       0       0       0       0       0       0       0       0       0       0       0       0       0       0       0
      Totals:         0       0       0       0       0       0       0       0       0       0       0       0       0       0       0       0       0
Total ram usage:        0 bytes
 Hardware stack levels used:    1
 This function calls:
		Nothing
 This function is called by:
		_EUSART_Receive_ISR
		_EUSART_DefaultErrorHandler
 This function uses a non-reentrant model



MODULE INFORMATION

Module		Function		Class		Link	Load	Size
C:\Program Files (x86)\Microchip\xc8\v2.05\pic\sources\c99\common\lwmod.c
		___lwmod       		CODE           	0D58	0000	67

C:\Program Files (x86)\Microchip\xc8\v2.05\pic\sources\c99\common\lwmod.c estimated size: 67

C:\Program Files (x86)\Microchip\xc8\v2.05\pic\sources\c99\common\printf.c
		_printf        		CODE           	0E60	0000	39

C:\Program Files (x86)\Microchip\xc8\v2.05\pic\sources\c99\common\printf.c estimated size: 39

mcc_generated_files/interrupt_manager.c
		_INTERRUPT_Initialize		CODE           	102A	0000	5
		_INTERRUPT_InterruptManager		CODE           	0008	0000	93

mcc_generated_files/interrupt_manager.c estimated size: 98

peri.c
		_stopI2C       		CODE           	0FA6	0000	13
		_startI2C      		CODE           	0FB2	0000	13
		_idleI2C       		CODE           	0F78	0000	19
		_sendI2C       		CODE           	0F52	0000	21
		_waitI2C       		CODE           	1004	0000	9
		_initI2C       		CODE           	0F66	0000	19

peri.c estimated size: 94

C:\Program Files (x86)\Microchip\xc8\v2.05\pic\sources\c99\common\nf_fputc.c
		_fputc         		CODE           	0BC8	0000	109

C:\Program Files (x86)\Microchip\xc8\v2.05\pic\sources\c99\common\nf_fputc.c estimated size: 109

mcc_generated_files/pin_manager.c
		_PIN_MANAGER_Initialize		CODE           	0E06	0000	49

mcc_generated_files/pin_manager.c estimated size: 49

C:\Program Files (x86)\Microchip\xc8\v2.05\pic\sources\c99\common\lwdiv.c
		___lwdiv       		CODE           	0D06	0000	83

C:\Program Files (x86)\Microchip\xc8\v2.05\pic\sources\c99\common\lwdiv.c estimated size: 83

C:\Program Files (x86)\Microchip\xc8\v2.05\pic\sources\c99\common\doprnt.c
		_vfpfcnvrt     		CODE           	04A2	0000	429
		_vfprintf      		CODE           	0C9E	0000	105

C:\Program Files (x86)\Microchip\xc8\v2.05\pic\sources\c99\common\doprnt.c estimated size: 534

shared
		_font          		MEDIUMCONST    	EC1D	0000	420
		__initialization		CODE           	0ADE	0000	109
		_bmp_hintergrund		MEDIUMCONST    	0000	0000	0
		_font2         		MEDIUMCONST    	EDC0	0000	4481

shared estimated size: 5010

mcc_generated_files/mcc.c
		_OSCILLATOR_Initialize		CODE           	0FC8	0000	11
		_SYSTEM_Initialize		CODE           	0F3C	0000	23

mcc_generated_files/mcc.c estimated size: 34

mcc_generated_files/tmr1.c
		_TMR1_Initialize		CODE           	0F24	0000	25
		_TMR1_StopTimer		CODE           	1026	0000	5
		_TMR1_Reload   		CODE           	0F98	0000	15
		_TMR1_WriteTimer		CODE           	0F08	0000	29
		_TMR1_StartTimer		CODE           	102E	0000	5

mcc_generated_files/tmr1.c estimated size: 79

oled.c
		_oled_sendCommand		CODE           	0ECC	0000	31
		_fb_draw_string		CODE           	07DA	0000	209
		_fb_show       		CODE           	0F8A	0000	15
		_fb_draw_string_big		CODE           	064E	0000	397
		_oled_sendFramebuffer		CODE           	0A66	0000	121
		_oled_init     		CODE           	08AA	0000	153
		_fb_draw_char  		CODE           	0942	0000	147
		_fb_clear      		CODE           	0E86	0000	39

oled.c estimated size: 1112

mcc_generated_files/eusart.c
		_EUSART_SetRxInterruptHandler		CODE           	0FDC	0000	11
		_EUSART_SetTxInterruptHandler		CODE           	0FD2	0000	11
		_putch         		CODE           	0FBE	0000	11
		_EUSART_DefaultOverrunErrorHandler		CODE           	101A	0000	7
		_EUSART_Write  		CODE           	0D9A	0000	55
		_EUSART_DefaultErrorHandler		CODE           	1020	0000	7
		_EUSART_Transmit_ISR		CODE           	0E36	0000	43
		_EUSART_Initialize		CODE           	0B54	0000	117
		_EUSART_SetFramingErrorHandler		CODE           	0FF0	0000	11
		_EUSART_SetErrorHandler		CODE           	0FFA	0000	11
		_EUSART_SetOverrunErrorHandler		CODE           	0FE6	0000	11
		_EUSART_Receive_ISR		CODE           	09D4	0000	147
		_EUSART_RxDataHandler		CODE           	0EAC	0000	33
		_EUSART_DefaultFramingErrorHandler		CODE           	1032	0000	3

mcc_generated_files/eusart.c estimated size: 478

main.c
		_main          		CODE           	0068	0000	1083

main.c estimated size: 1083

dht22.c
		_Start_Signal  		CODE           	0EEA	0000	31
		_Read_Data     		CODE           	0C34	0000	107
		_Check_Response		CODE           	0DD0	0000	55

dht22.c estimated size: 193

